------------------------------------------------------------
Timing Analyzer Summary
------------------------------------------------------------

Type  : Slow 1200mV 85C Model Setup 'pin_name1'
Slack : -892.287
TNS   : -10706.054

Type  : Slow 1200mV 85C Model Setup 'inst1|ADC2|adc_mega_0|ADC_CTRL|adc_pll|auto_generated|pll1|clk[0]'
Slack : -11.421
TNS   : -67.252

Type  : Slow 1200mV 85C Model Setup 'inst2|altpll_component|auto_generated|pll1|clk[0]'
Slack : -10.708
TNS   : -112257.086

Type  : Slow 1200mV 85C Model Setup 'pin_name2'
Slack : -9.208
TNS   : -18.174

Type  : Slow 1200mV 85C Model Hold 'pin_name1'
Slack : 0.251
TNS   : 0.000

Type  : Slow 1200mV 85C Model Hold 'inst2|altpll_component|auto_generated|pll1|clk[0]'
Slack : 0.433
TNS   : 0.000

Type  : Slow 1200mV 85C Model Hold 'pin_name2'
Slack : 3.985
TNS   : 0.000

Type  : Slow 1200mV 85C Model Hold 'inst1|ADC2|adc_mega_0|ADC_CTRL|adc_pll|auto_generated|pll1|clk[0]'
Slack : 6.202
TNS   : 0.000

Type  : Slow 1200mV 85C Model Minimum Pulse Width 'pin_name2'
Slack : -3.000
TNS   : -3.000

Type  : Slow 1200mV 85C Model Minimum Pulse Width 'inst1|ADC2|adc_mega_0|ADC_CTRL|adc_pll|auto_generated|pll1|clk[0]'
Slack : 4.575
TNS   : 0.000

Type  : Slow 1200mV 85C Model Minimum Pulse Width 'pin_name1'
Slack : 4.580
TNS   : 0.000

Type  : Slow 1200mV 85C Model Minimum Pulse Width 'CLK_MASTER'
Slack : 9.871
TNS   : 0.000

Type  : Slow 1200mV 85C Model Minimum Pulse Width 'inst2|altpll_component|auto_generated|pll1|clk[0]'
Slack : 19.722
TNS   : 0.000

Type  : Slow 1200mV 0C Model Setup 'pin_name1'
Slack : -884.189
TNS   : -10608.988

Type  : Slow 1200mV 0C Model Setup 'inst1|ADC2|adc_mega_0|ADC_CTRL|adc_pll|auto_generated|pll1|clk[0]'
Slack : -9.999
TNS   : -58.717

Type  : Slow 1200mV 0C Model Setup 'inst2|altpll_component|auto_generated|pll1|clk[0]'
Slack : -9.490
TNS   : -99510.700

Type  : Slow 1200mV 0C Model Setup 'pin_name2'
Slack : -8.945
TNS   : -17.383

Type  : Slow 1200mV 0C Model Hold 'pin_name1'
Slack : 0.248
TNS   : 0.000

Type  : Slow 1200mV 0C Model Hold 'inst2|altpll_component|auto_generated|pll1|clk[0]'
Slack : 0.352
TNS   : 0.000

Type  : Slow 1200mV 0C Model Hold 'pin_name2'
Slack : 3.861
TNS   : 0.000

Type  : Slow 1200mV 0C Model Hold 'inst1|ADC2|adc_mega_0|ADC_CTRL|adc_pll|auto_generated|pll1|clk[0]'
Slack : 4.914
TNS   : 0.000

Type  : Slow 1200mV 0C Model Minimum Pulse Width 'pin_name2'
Slack : -3.000
TNS   : -3.000

Type  : Slow 1200mV 0C Model Minimum Pulse Width 'pin_name1'
Slack : 4.604
TNS   : 0.000

Type  : Slow 1200mV 0C Model Minimum Pulse Width 'inst1|ADC2|adc_mega_0|ADC_CTRL|adc_pll|auto_generated|pll1|clk[0]'
Slack : 4.631
TNS   : 0.000

Type  : Slow 1200mV 0C Model Minimum Pulse Width 'CLK_MASTER'
Slack : 9.893
TNS   : 0.000

Type  : Slow 1200mV 0C Model Minimum Pulse Width 'inst2|altpll_component|auto_generated|pll1|clk[0]'
Slack : 19.693
TNS   : 0.000

Type  : Fast 1200mV 0C Model Setup 'pin_name1'
Slack : -844.170
TNS   : -10129.540

Type  : Fast 1200mV 0C Model Setup 'inst2|altpll_component|auto_generated|pll1|clk[0]'
Slack : -4.560
TNS   : -46524.273

Type  : Fast 1200mV 0C Model Setup 'pin_name2'
Slack : -4.091
TNS   : -7.790

Type  : Fast 1200mV 0C Model Setup 'inst1|ADC2|adc_mega_0|ADC_CTRL|adc_pll|auto_generated|pll1|clk[0]'
Slack : -3.938
TNS   : -22.366

Type  : Fast 1200mV 0C Model Hold 'inst1|ADC2|adc_mega_0|ADC_CTRL|adc_pll|auto_generated|pll1|clk[0]'
Slack : -0.012
TNS   : -0.012

Type  : Fast 1200mV 0C Model Hold 'pin_name1'
Slack : 0.102
TNS   : 0.000

Type  : Fast 1200mV 0C Model Hold 'inst2|altpll_component|auto_generated|pll1|clk[0]'
Slack : 0.217
TNS   : 0.000

Type  : Fast 1200mV 0C Model Hold 'pin_name2'
Slack : 1.872
TNS   : 0.000

Type  : Fast 1200mV 0C Model Minimum Pulse Width 'pin_name2'
Slack : -3.000
TNS   : -3.000

Type  : Fast 1200mV 0C Model Minimum Pulse Width 'pin_name1'
Slack : 4.407
TNS   : 0.000

Type  : Fast 1200mV 0C Model Minimum Pulse Width 'inst1|ADC2|adc_mega_0|ADC_CTRL|adc_pll|auto_generated|pll1|clk[0]'
Slack : 4.903
TNS   : 0.000

Type  : Fast 1200mV 0C Model Minimum Pulse Width 'CLK_MASTER'
Slack : 9.666
TNS   : 0.000

Type  : Fast 1200mV 0C Model Minimum Pulse Width 'inst2|altpll_component|auto_generated|pll1|clk[0]'
Slack : 19.746
TNS   : 0.000

------------------------------------------------------------
